// Jest Snapshot v1, https://goo.gl/fbAQLP

exports[`App should render correct 1`] = `
<div>
  <h1
    className="title"
  >
    Some Title
  </h1>
  <button
    onClick={[Function]}
    type="button"
  >
    Change title text to Another Title
  </button>
  <button
    onClick={[Function]}
    type="button"
  >
    Reset title
  </button>
</div>
`;
